Timing Analyzer report for controllerQ
Wed Jan 10 07:21:56 2024
Quartus Prime Version 18.1.0 Build 625 09/12/2018 SJ Lite Edition


---------------------
; Table of Contents ;
---------------------
  1. Legal Notice
  2. Timing Analyzer Summary
  3. Parallel Compilation
  4. Clocks
  5. Slow 1200mV 125C Model Fmax Summary
  6. Timing Closure Recommendations
  7. Slow 1200mV 125C Model Setup Summary
  8. Slow 1200mV 125C Model Hold Summary
  9. Slow 1200mV 125C Model Recovery Summary
 10. Slow 1200mV 125C Model Removal Summary
 11. Slow 1200mV 125C Model Minimum Pulse Width Summary
 12. Slow 1200mV 125C Model Setup: 'ps.init'
 13. Slow 1200mV 125C Model Setup: 'clk'
 14. Slow 1200mV 125C Model Hold: 'clk'
 15. Slow 1200mV 125C Model Hold: 'ps.init'
 16. Slow 1200mV 125C Model Metastability Summary
 17. Slow 1200mV -40C Model Fmax Summary
 18. Slow 1200mV -40C Model Setup Summary
 19. Slow 1200mV -40C Model Hold Summary
 20. Slow 1200mV -40C Model Recovery Summary
 21. Slow 1200mV -40C Model Removal Summary
 22. Slow 1200mV -40C Model Minimum Pulse Width Summary
 23. Slow 1200mV -40C Model Setup: 'ps.init'
 24. Slow 1200mV -40C Model Setup: 'clk'
 25. Slow 1200mV -40C Model Hold: 'clk'
 26. Slow 1200mV -40C Model Hold: 'ps.init'
 27. Slow 1200mV -40C Model Metastability Summary
 28. Fast 1200mV -40C Model Setup Summary
 29. Fast 1200mV -40C Model Hold Summary
 30. Fast 1200mV -40C Model Recovery Summary
 31. Fast 1200mV -40C Model Removal Summary
 32. Fast 1200mV -40C Model Minimum Pulse Width Summary
 33. Fast 1200mV -40C Model Setup: 'ps.init'
 34. Fast 1200mV -40C Model Setup: 'clk'
 35. Fast 1200mV -40C Model Hold: 'clk'
 36. Fast 1200mV -40C Model Hold: 'ps.init'
 37. Fast 1200mV -40C Model Metastability Summary
 38. Multicorner Timing Analysis Summary
 39. Board Trace Model Assignments
 40. Input Transition Times
 41. Signal Integrity Metrics (Slow 1200mv n40c Model)
 42. Signal Integrity Metrics (Slow 1200mv 125c Model)
 43. Signal Integrity Metrics (Fast 1200mv n40c Model)
 44. Setup Transfers
 45. Hold Transfers
 46. Report TCCS
 47. Report RSKM
 48. Unconstrained Paths Summary
 49. Clock Status Summary
 50. Unconstrained Input Ports
 51. Unconstrained Output Ports
 52. Unconstrained Input Ports
 53. Unconstrained Output Ports
 54. Timing Analyzer Messages



----------------
; Legal Notice ;
----------------
Copyright (C) 2018  Intel Corporation. All rights reserved.
Your use of Intel Corporation's design tools, logic functions 
and other software and tools, and its AMPP partner logic 
functions, and any output files from any of the foregoing 
(including device programming or simulation files), and any 
associated documentation or information are expressly subject 
to the terms and conditions of the Intel Program License 
Subscription Agreement, the Intel Quartus Prime License Agreement,
the Intel FPGA IP License Agreement, or other applicable license
agreement, including, without limitation, that your use is for
the sole purpose of programming logic devices manufactured by
Intel and sold by Intel or its authorized distributors.  Please
refer to the applicable agreement for further details.



+-----------------------------------------------------------------------------+
; Timing Analyzer Summary                                                     ;
+-----------------------+-----------------------------------------------------+
; Quartus Prime Version ; Version 18.1.0 Build 625 09/12/2018 SJ Lite Edition ;
; Timing Analyzer       ; Legacy Timing Analyzer                              ;
; Revision Name         ; controllerQ                                         ;
; Device Family         ; Cyclone IV GX                                       ;
; Device Name           ; EP4CGX15BF14A7                                      ;
; Timing Models         ; Final                                               ;
; Delay Model           ; Combined                                            ;
; Rise/Fall Delays      ; Enabled                                             ;
+-----------------------+-----------------------------------------------------+


+------------------------------------------+
; Parallel Compilation                     ;
+----------------------------+-------------+
; Processors                 ; Number      ;
+----------------------------+-------------+
; Number detected on machine ; 8           ;
; Maximum allowed            ; 4           ;
;                            ;             ;
; Average used               ; 1.01        ;
; Maximum used               ; 4           ;
;                            ;             ;
; Usage by Processor         ; % Time Used ;
;     Processor 1            ; 100.0%      ;
;     Processor 2            ;   0.3%      ;
;     Processors 3-4         ;   0.2%      ;
+----------------------------+-------------+


+-------------------------------------------------------------------------------------------------------------------------------------------------------------------------------------+
; Clocks                                                                                                                                                                              ;
+------------+------+--------+------------+-------+-------+------------+-----------+-------------+-------+--------+-----------+------------+----------+--------+--------+-------------+
; Clock Name ; Type ; Period ; Frequency  ; Rise  ; Fall  ; Duty Cycle ; Divide by ; Multiply by ; Phase ; Offset ; Edge List ; Edge Shift ; Inverted ; Master ; Source ; Targets     ;
+------------+------+--------+------------+-------+-------+------------+-----------+-------------+-------+--------+-----------+------------+----------+--------+--------+-------------+
; clk        ; Base ; 1.000  ; 1000.0 MHz ; 0.000 ; 0.500 ;            ;           ;             ;       ;        ;           ;            ;          ;        ;        ; { clk }     ;
; ps.init    ; Base ; 1.000  ; 1000.0 MHz ; 0.000 ; 0.500 ;            ;           ;             ;       ;        ;           ;            ;          ;        ;        ; { ps.init } ;
+------------+------+--------+------------+-------+-------+------------+-----------+-------------+-------+--------+-----------+------------+----------+--------+--------+-------------+


+-----------------------------------------------------------------------------------------------------------+
; Slow 1200mV 125C Model Fmax Summary                                                                       ;
+------------+-----------------+------------+---------------------------------------------------------------+
; Fmax       ; Restricted Fmax ; Clock Name ; Note                                                          ;
+------------+-----------------+------------+---------------------------------------------------------------+
; 416.67 MHz ; 250.0 MHz       ; clk        ; limit due to minimum period restriction (max I/O toggle rate) ;
; 544.66 MHz ; 544.66 MHz      ; ps.init    ;                                                               ;
+------------+-----------------+------------+---------------------------------------------------------------+
This panel reports FMAX for every clock in the design, regardless of the user-specified clock periods.  FMAX is only computed for paths where the source and destination registers or ports are driven by the same clock.  Paths of different clocks, including generated clocks, are ignored.  For paths between a clock and its inversion, FMAX is computed as if the rising and falling edges are scaled along with FMAX, such that the duty cycle (in terms of a percentage) is maintained. Altera recommends that you always use clock constraints and other slack reports for sign-off analysis.


----------------------------------
; Timing Closure Recommendations ;
----------------------------------
HTML report is unavailable in plain text report export.


+--------------------------------------+
; Slow 1200mV 125C Model Setup Summary ;
+---------+--------+-------------------+
; Clock   ; Slack  ; End Point TNS     ;
+---------+--------+-------------------+
; ps.init ; -2.687 ; -2.687            ;
; clk     ; -1.400 ; -3.742            ;
+---------+--------+-------------------+


+-------------------------------------+
; Slow 1200mV 125C Model Hold Summary ;
+---------+-------+-------------------+
; Clock   ; Slack ; End Point TNS     ;
+---------+-------+-------------------+
; clk     ; 0.424 ; 0.000             ;
; ps.init ; 0.689 ; 0.000             ;
+---------+-------+-------------------+


-------------------------------------------
; Slow 1200mV 125C Model Recovery Summary ;
-------------------------------------------
No paths to report.


------------------------------------------
; Slow 1200mV 125C Model Removal Summary ;
------------------------------------------
No paths to report.


+----------------------------------------------------+
; Slow 1200mV 125C Model Minimum Pulse Width Summary ;
+---------+--------+---------------------------------+
; Clock   ; Slack  ; End Point TNS                   ;
+---------+--------+---------------------------------+
; clk     ; -3.000 ; -19.713                         ;
; ps.init ; 0.371  ; 0.000                           ;
+---------+--------+---------------------------------+


+----------------------------------------------------------------------------------------------------------------+
; Slow 1200mV 125C Model Setup: 'ps.init'                                                                        ;
+--------+----------------+----------------+--------------+-------------+--------------+------------+------------+
; Slack  ; From Node      ; To Node        ; Launch Clock ; Latch Clock ; Relationship ; Clock Skew ; Data Delay ;
+--------+----------------+----------------+--------------+-------------+--------------+------------+------------+
; -2.687 ; ps.mult1       ; ci_adder$latch ; clk          ; ps.init     ; 0.500        ; -0.889     ; 1.242      ;
; -0.836 ; ci_adder$latch ; ci_adder$latch ; ps.init      ; ps.init     ; 1.000        ; -0.021     ; 0.779      ;
+--------+----------------+----------------+--------------+-------------+--------------+------------+------------+


+--------------------------------------------------------------------------------------------------------+
; Slow 1200mV 125C Model Setup: 'clk'                                                                    ;
+--------+------------+------------+--------------+-------------+--------------+------------+------------+
; Slack  ; From Node  ; To Node    ; Launch Clock ; Latch Clock ; Relationship ; Clock Skew ; Data Delay ;
+--------+------------+------------+--------------+-------------+--------------+------------+------------+
; -1.400 ; ps.idle    ; ps.init    ; clk          ; clk         ; 1.000        ; -0.075     ; 2.322      ;
; -1.141 ; ps.init    ; ps.load    ; ps.init      ; clk         ; 0.500        ; 2.614      ; 4.486      ;
; -1.093 ; ps.init    ; ps.init    ; ps.init      ; clk         ; 0.500        ; 2.614      ; 4.438      ;
; -0.648 ; ps.sub_add ; ps.mult1   ; clk          ; clk         ; 1.000        ; -0.652     ; 0.993      ;
; -0.639 ; ps.init    ; ps.load    ; ps.init      ; clk         ; 1.000        ; 2.614      ; 4.484      ;
; -0.589 ; ps.init    ; ps.init    ; ps.init      ; clk         ; 1.000        ; 2.614      ; 4.434      ;
; -0.479 ; ps.load    ; ps.mult1   ; clk          ; clk         ; 1.000        ; -0.652     ; 0.824      ;
; -0.244 ; ps.compare ; ps.idle    ; clk          ; clk         ; 1.000        ; -0.075     ; 1.166      ;
; -0.137 ; ps.mult1   ; ps.mult2   ; clk          ; clk         ; 1.000        ; 0.464      ; 1.598      ;
; -0.063 ; ps.mult2   ; ps.mult3   ; clk          ; clk         ; 1.000        ; -0.075     ; 0.985      ;
; -0.062 ; ps.compare ; ps.sub_add ; clk          ; clk         ; 1.000        ; -0.075     ; 0.984      ;
; -0.047 ; ps.mult3   ; ps.mult4   ; clk          ; clk         ; 1.000        ; -0.075     ; 0.969      ;
; 0.085  ; ps.mult4   ; ps.compare ; clk          ; clk         ; 1.000        ; -0.075     ; 0.837      ;
; 0.167  ; ps.idle    ; ps.idle    ; clk          ; clk         ; 1.000        ; -0.075     ; 0.755      ;
+--------+------------+------------+--------------+-------------+--------------+------------+------------+


+-------------------------------------------------------------------------------------------------------+
; Slow 1200mV 125C Model Hold: 'clk'                                                                    ;
+-------+------------+------------+--------------+-------------+--------------+------------+------------+
; Slack ; From Node  ; To Node    ; Launch Clock ; Latch Clock ; Relationship ; Clock Skew ; Data Delay ;
+-------+------------+------------+--------------+-------------+--------------+------------+------------+
; 0.424 ; ps.idle    ; ps.idle    ; clk          ; clk         ; 0.000        ; 0.075      ; 0.686      ;
; 0.467 ; ps.mult4   ; ps.compare ; clk          ; clk         ; 0.000        ; 0.075      ; 0.729      ;
; 0.579 ; ps.compare ; ps.sub_add ; clk          ; clk         ; 0.000        ; 0.075      ; 0.841      ;
; 0.619 ; ps.mult2   ; ps.mult3   ; clk          ; clk         ; 0.000        ; 0.075      ; 0.881      ;
; 0.633 ; ps.mult3   ; ps.mult4   ; clk          ; clk         ; 0.000        ; 0.075      ; 0.895      ;
; 0.691 ; ps.mult1   ; ps.mult2   ; clk          ; clk         ; 0.000        ; 0.652      ; 1.530      ;
; 0.739 ; ps.compare ; ps.idle    ; clk          ; clk         ; 0.000        ; 0.075      ; 1.001      ;
; 1.000 ; ps.load    ; ps.mult1   ; clk          ; clk         ; 0.000        ; -0.464     ; 0.723      ;
; 1.066 ; ps.init    ; ps.load    ; ps.init      ; clk         ; 0.000        ; 2.719      ; 4.226      ;
; 1.087 ; ps.init    ; ps.init    ; ps.init      ; clk         ; 0.000        ; 2.719      ; 4.247      ;
; 1.134 ; ps.sub_add ; ps.mult1   ; clk          ; clk         ; 0.000        ; -0.464     ; 0.857      ;
; 1.532 ; ps.init    ; ps.load    ; ps.init      ; clk         ; -0.500       ; 2.719      ; 4.192      ;
; 1.579 ; ps.init    ; ps.init    ; ps.init      ; clk         ; -0.500       ; 2.719      ; 4.239      ;
; 1.857 ; ps.idle    ; ps.init    ; clk          ; clk         ; 0.000        ; 0.075      ; 2.119      ;
+-------+------------+------------+--------------+-------------+--------------+------------+------------+


+---------------------------------------------------------------------------------------------------------------+
; Slow 1200mV 125C Model Hold: 'ps.init'                                                                        ;
+-------+----------------+----------------+--------------+-------------+--------------+------------+------------+
; Slack ; From Node      ; To Node        ; Launch Clock ; Latch Clock ; Relationship ; Clock Skew ; Data Delay ;
+-------+----------------+----------------+--------------+-------------+--------------+------------+------------+
; 0.689 ; ci_adder$latch ; ci_adder$latch ; ps.init      ; ps.init     ; 0.000        ; 0.021      ; 0.710      ;
; 2.319 ; ps.mult1       ; ci_adder$latch ; clk          ; ps.init     ; -0.500       ; -0.700     ; 1.139      ;
+-------+----------------+----------------+--------------+-------------+--------------+------------+------------+


------------------------------------------------
; Slow 1200mV 125C Model Metastability Summary ;
------------------------------------------------
No synchronizer chains to report.


+-----------------------------------------------------------------------------------------------------------+
; Slow 1200mV -40C Model Fmax Summary                                                                       ;
+------------+-----------------+------------+---------------------------------------------------------------+
; Fmax       ; Restricted Fmax ; Clock Name ; Note                                                          ;
+------------+-----------------+------------+---------------------------------------------------------------+
; 466.2 MHz  ; 250.0 MHz       ; clk        ; limit due to minimum period restriction (max I/O toggle rate) ;
; 633.31 MHz ; 633.31 MHz      ; ps.init    ;                                                               ;
+------------+-----------------+------------+---------------------------------------------------------------+
This panel reports FMAX for every clock in the design, regardless of the user-specified clock periods.  FMAX is only computed for paths where the source and destination registers or ports are driven by the same clock.  Paths of different clocks, including generated clocks, are ignored.  For paths between a clock and its inversion, FMAX is computed as if the rising and falling edges are scaled along with FMAX, such that the duty cycle (in terms of a percentage) is maintained. Altera recommends that you always use clock constraints and other slack reports for sign-off analysis.


+--------------------------------------+
; Slow 1200mV -40C Model Setup Summary ;
+---------+--------+-------------------+
; Clock   ; Slack  ; End Point TNS     ;
+---------+--------+-------------------+
; ps.init ; -2.311 ; -2.311            ;
; clk     ; -1.145 ; -2.425            ;
+---------+--------+-------------------+


+-------------------------------------+
; Slow 1200mV -40C Model Hold Summary ;
+---------+-------+-------------------+
; Clock   ; Slack ; End Point TNS     ;
+---------+-------+-------------------+
; clk     ; 0.343 ; 0.000             ;
; ps.init ; 0.586 ; 0.000             ;
+---------+-------+-------------------+


-------------------------------------------
; Slow 1200mV -40C Model Recovery Summary ;
-------------------------------------------
No paths to report.


------------------------------------------
; Slow 1200mV -40C Model Removal Summary ;
------------------------------------------
No paths to report.


+----------------------------------------------------+
; Slow 1200mV -40C Model Minimum Pulse Width Summary ;
+---------+--------+---------------------------------+
; Clock   ; Slack  ; End Point TNS                   ;
+---------+--------+---------------------------------+
; clk     ; -3.000 ; -16.500                         ;
; ps.init ; 0.441  ; 0.000                           ;
+---------+--------+---------------------------------+


+----------------------------------------------------------------------------------------------------------------+
; Slow 1200mV -40C Model Setup: 'ps.init'                                                                        ;
+--------+----------------+----------------+--------------+-------------+--------------+------------+------------+
; Slack  ; From Node      ; To Node        ; Launch Clock ; Latch Clock ; Relationship ; Clock Skew ; Data Delay ;
+--------+----------------+----------------+--------------+-------------+--------------+------------+------------+
; -2.311 ; ps.mult1       ; ci_adder$latch ; clk          ; ps.init     ; 0.500        ; -0.823     ; 1.083      ;
; -0.579 ; ci_adder$latch ; ci_adder$latch ; ps.init      ; ps.init     ; 1.000        ; -0.017     ; 0.677      ;
+--------+----------------+----------------+--------------+-------------+--------------+------------+------------+


+--------------------------------------------------------------------------------------------------------+
; Slow 1200mV -40C Model Setup: 'clk'                                                                    ;
+--------+------------+------------+--------------+-------------+--------------+------------+------------+
; Slack  ; From Node  ; To Node    ; Launch Clock ; Latch Clock ; Relationship ; Clock Skew ; Data Delay ;
+--------+------------+------------+--------------+-------------+--------------+------------+------------+
; -1.145 ; ps.idle    ; ps.init    ; clk          ; clk         ; 1.000        ; -0.063     ; 2.082      ;
; -0.816 ; ps.init    ; ps.load    ; ps.init      ; clk         ; 0.500        ; 2.241      ; 3.765      ;
; -0.764 ; ps.init    ; ps.init    ; ps.init      ; clk         ; 0.500        ; 2.241      ; 3.713      ;
; -0.629 ; ps.init    ; ps.load    ; ps.init      ; clk         ; 1.000        ; 2.241      ; 4.078      ;
; -0.590 ; ps.init    ; ps.init    ; ps.init      ; clk         ; 1.000        ; 2.241      ; 4.039      ;
; -0.370 ; ps.sub_add ; ps.mult1   ; clk          ; clk         ; 1.000        ; -0.526     ; 0.844      ;
; -0.224 ; ps.load    ; ps.mult1   ; clk          ; clk         ; 1.000        ; -0.526     ; 0.698      ;
; -0.048 ; ps.mult1   ; ps.mult2   ; clk          ; clk         ; 1.000        ; 0.370      ; 1.418      ;
; -0.046 ; ps.compare ; ps.idle    ; clk          ; clk         ; 1.000        ; -0.063     ; 0.983      ;
; 0.086  ; ps.mult2   ; ps.mult3   ; clk          ; clk         ; 1.000        ; -0.063     ; 0.851      ;
; 0.092  ; ps.mult3   ; ps.mult4   ; clk          ; clk         ; 1.000        ; -0.063     ; 0.845      ;
; 0.105  ; ps.compare ; ps.sub_add ; clk          ; clk         ; 1.000        ; -0.063     ; 0.832      ;
; 0.231  ; ps.mult4   ; ps.compare ; clk          ; clk         ; 1.000        ; -0.063     ; 0.706      ;
; 0.299  ; ps.idle    ; ps.idle    ; clk          ; clk         ; 1.000        ; -0.063     ; 0.638      ;
+--------+------------+------------+--------------+-------------+--------------+------------+------------+


+-------------------------------------------------------------------------------------------------------+
; Slow 1200mV -40C Model Hold: 'clk'                                                                    ;
+-------+------------+------------+--------------+-------------+--------------+------------+------------+
; Slack ; From Node  ; To Node    ; Launch Clock ; Latch Clock ; Relationship ; Clock Skew ; Data Delay ;
+-------+------------+------------+--------------+-------------+--------------+------------+------------+
; 0.343 ; ps.idle    ; ps.idle    ; clk          ; clk         ; 0.000        ; 0.063      ; 0.574      ;
; 0.414 ; ps.mult4   ; ps.compare ; clk          ; clk         ; 0.000        ; 0.063      ; 0.645      ;
; 0.510 ; ps.compare ; ps.sub_add ; clk          ; clk         ; 0.000        ; 0.063      ; 0.741      ;
; 0.542 ; ps.mult3   ; ps.mult4   ; clk          ; clk         ; 0.000        ; 0.063      ; 0.773      ;
; 0.543 ; ps.mult2   ; ps.mult3   ; clk          ; clk         ; 0.000        ; 0.063      ; 0.774      ;
; 0.610 ; ps.mult1   ; ps.mult2   ; clk          ; clk         ; 0.000        ; 0.526      ; 1.304      ;
; 0.641 ; ps.compare ; ps.idle    ; clk          ; clk         ; 0.000        ; 0.063      ; 0.872      ;
; 0.842 ; ps.load    ; ps.mult1   ; clk          ; clk         ; 0.000        ; -0.370     ; 0.640      ;
; 0.959 ; ps.sub_add ; ps.mult1   ; clk          ; clk         ; 0.000        ; -0.370     ; 0.757      ;
; 1.119 ; ps.init    ; ps.load    ; ps.init      ; clk         ; 0.000        ; 2.328      ; 3.843      ;
; 1.143 ; ps.init    ; ps.init    ; ps.init      ; clk         ; 0.000        ; 2.328      ; 3.867      ;
; 1.292 ; ps.init    ; ps.load    ; ps.init      ; clk         ; -0.500       ; 2.328      ; 3.516      ;
; 1.324 ; ps.init    ; ps.init    ; ps.init      ; clk         ; -0.500       ; 2.328      ; 3.548      ;
; 1.549 ; ps.idle    ; ps.init    ; clk          ; clk         ; 0.000        ; 0.063      ; 1.780      ;
+-------+------------+------------+--------------+-------------+--------------+------------+------------+


+---------------------------------------------------------------------------------------------------------------+
; Slow 1200mV -40C Model Hold: 'ps.init'                                                                        ;
+-------+----------------+----------------+--------------+-------------+--------------+------------+------------+
; Slack ; From Node      ; To Node        ; Launch Clock ; Latch Clock ; Relationship ; Clock Skew ; Data Delay ;
+-------+----------------+----------------+--------------+-------------+--------------+------------+------------+
; 0.586 ; ci_adder$latch ; ci_adder$latch ; ps.init      ; ps.init     ; 0.000        ; 0.017      ; 0.603      ;
; 2.120 ; ps.mult1       ; ci_adder$latch ; clk          ; ps.init     ; -0.500       ; -0.661     ; 0.979      ;
+-------+----------------+----------------+--------------+-------------+--------------+------------+------------+


------------------------------------------------
; Slow 1200mV -40C Model Metastability Summary ;
------------------------------------------------
No synchronizer chains to report.


+--------------------------------------+
; Fast 1200mV -40C Model Setup Summary ;
+---------+--------+-------------------+
; Clock   ; Slack  ; End Point TNS     ;
+---------+--------+-------------------+
; ps.init ; -0.980 ; -0.980            ;
; clk     ; -0.424 ; -0.800            ;
+---------+--------+-------------------+


+-------------------------------------+
; Fast 1200mV -40C Model Hold Summary ;
+---------+-------+-------------------+
; Clock   ; Slack ; End Point TNS     ;
+---------+-------+-------------------+
; clk     ; 0.179 ; 0.000             ;
; ps.init ; 0.306 ; 0.000             ;
+---------+-------+-------------------+


-------------------------------------------
; Fast 1200mV -40C Model Recovery Summary ;
-------------------------------------------
No paths to report.


------------------------------------------
; Fast 1200mV -40C Model Removal Summary ;
------------------------------------------
No paths to report.


+----------------------------------------------------+
; Fast 1200mV -40C Model Minimum Pulse Width Summary ;
+---------+--------+---------------------------------+
; Clock   ; Slack  ; End Point TNS                   ;
+---------+--------+---------------------------------+
; clk     ; -3.000 ; -12.254                         ;
; ps.init ; 0.424  ; 0.000                           ;
+---------+--------+---------------------------------+


+----------------------------------------------------------------------------------------------------------------+
; Fast 1200mV -40C Model Setup: 'ps.init'                                                                        ;
+--------+----------------+----------------+--------------+-------------+--------------+------------+------------+
; Slack  ; From Node      ; To Node        ; Launch Clock ; Latch Clock ; Relationship ; Clock Skew ; Data Delay ;
+--------+----------------+----------------+--------------+-------------+--------------+------------+------------+
; -0.980 ; ps.mult1       ; ci_adder$latch ; clk          ; ps.init     ; 0.500        ; -0.455     ; 0.541      ;
; 0.188  ; ci_adder$latch ; ci_adder$latch ; ps.init      ; ps.init     ; 1.000        ; -0.009     ; 0.339      ;
+--------+----------------+----------------+--------------+-------------+--------------+------------+------------+


+--------------------------------------------------------------------------------------------------------+
; Fast 1200mV -40C Model Setup: 'clk'                                                                    ;
+--------+------------+------------+--------------+-------------+--------------+------------+------------+
; Slack  ; From Node  ; To Node    ; Launch Clock ; Latch Clock ; Relationship ; Clock Skew ; Data Delay ;
+--------+------------+------------+--------------+-------------+--------------+------------+------------+
; -0.424 ; ps.init    ; ps.load    ; ps.init      ; clk         ; 0.500        ; 1.236      ; 2.251      ;
; -0.376 ; ps.init    ; ps.init    ; ps.init      ; clk         ; 0.500        ; 1.236      ; 2.203      ;
; -0.088 ; ps.idle    ; ps.init    ; clk          ; clk         ; 1.000        ; -0.035     ; 1.041      ;
; 0.237  ; ps.sub_add ; ps.mult1   ; clk          ; clk         ; 1.000        ; -0.309     ; 0.442      ;
; 0.310  ; ps.load    ; ps.mult1   ; clk          ; clk         ; 1.000        ; -0.309     ; 0.369      ;
; 0.315  ; ps.init    ; ps.load    ; ps.init      ; clk         ; 1.000        ; 1.236      ; 2.012      ;
; 0.366  ; ps.init    ; ps.init    ; ps.init      ; clk         ; 1.000        ; 1.236      ; 1.961      ;
; 0.431  ; ps.compare ; ps.idle    ; clk          ; clk         ; 1.000        ; -0.035     ; 0.522      ;
; 0.485  ; ps.mult1   ; ps.mult2   ; clk          ; clk         ; 1.000        ; 0.219      ; 0.722      ;
; 0.510  ; ps.mult3   ; ps.mult4   ; clk          ; clk         ; 1.000        ; -0.035     ; 0.443      ;
; 0.518  ; ps.compare ; ps.sub_add ; clk          ; clk         ; 1.000        ; -0.035     ; 0.435      ;
; 0.531  ; ps.mult2   ; ps.mult3   ; clk          ; clk         ; 1.000        ; -0.035     ; 0.422      ;
; 0.580  ; ps.mult4   ; ps.compare ; clk          ; clk         ; 1.000        ; -0.035     ; 0.373      ;
; 0.618  ; ps.idle    ; ps.idle    ; clk          ; clk         ; 1.000        ; -0.035     ; 0.335      ;
+--------+------------+------------+--------------+-------------+--------------+------------+------------+


+-------------------------------------------------------------------------------------------------------+
; Fast 1200mV -40C Model Hold: 'clk'                                                                    ;
+-------+------------+------------+--------------+-------------+--------------+------------+------------+
; Slack ; From Node  ; To Node    ; Launch Clock ; Latch Clock ; Relationship ; Clock Skew ; Data Delay ;
+-------+------------+------------+--------------+-------------+--------------+------------+------------+
; 0.179 ; ps.idle    ; ps.idle    ; clk          ; clk         ; 0.000        ; 0.035      ; 0.296      ;
; 0.198 ; ps.mult4   ; ps.compare ; clk          ; clk         ; 0.000        ; 0.035      ; 0.315      ;
; 0.245 ; ps.compare ; ps.sub_add ; clk          ; clk         ; 0.000        ; 0.035      ; 0.362      ;
; 0.258 ; ps.mult1   ; ps.mult2   ; clk          ; clk         ; 0.000        ; 0.309      ; 0.649      ;
; 0.260 ; ps.mult2   ; ps.mult3   ; clk          ; clk         ; 0.000        ; 0.035      ; 0.377      ;
; 0.263 ; ps.mult3   ; ps.mult4   ; clk          ; clk         ; 0.000        ; 0.035      ; 0.380      ;
; 0.317 ; ps.compare ; ps.idle    ; clk          ; clk         ; 0.000        ; 0.035      ; 0.434      ;
; 0.388 ; ps.init    ; ps.init    ; ps.init      ; clk         ; 0.000        ; 1.286      ; 1.879      ;
; 0.407 ; ps.init    ; ps.load    ; ps.init      ; clk         ; 0.000        ; 1.286      ; 1.898      ;
; 0.449 ; ps.load    ; ps.mult1   ; clk          ; clk         ; 0.000        ; -0.219     ; 0.312      ;
; 0.507 ; ps.sub_add ; ps.mult1   ; clk          ; clk         ; 0.000        ; -0.219     ; 0.370      ;
; 0.840 ; ps.idle    ; ps.init    ; clk          ; clk         ; 0.000        ; 0.035      ; 0.957      ;
; 1.116 ; ps.init    ; ps.init    ; ps.init      ; clk         ; -0.500       ; 1.286      ; 2.107      ;
; 1.118 ; ps.init    ; ps.load    ; ps.init      ; clk         ; -0.500       ; 1.286      ; 2.109      ;
+-------+------------+------------+--------------+-------------+--------------+------------+------------+


+---------------------------------------------------------------------------------------------------------------+
; Fast 1200mV -40C Model Hold: 'ps.init'                                                                        ;
+-------+----------------+----------------+--------------+-------------+--------------+------------+------------+
; Slack ; From Node      ; To Node        ; Launch Clock ; Latch Clock ; Relationship ; Clock Skew ; Data Delay ;
+-------+----------------+----------------+--------------+-------------+--------------+------------+------------+
; 0.306 ; ci_adder$latch ; ci_adder$latch ; ps.init      ; ps.init     ; 0.000        ; 0.009      ; 0.315      ;
; 1.349 ; ps.mult1       ; ci_adder$latch ; clk          ; ps.init     ; -0.500       ; -0.367     ; 0.502      ;
+-------+----------------+----------------+--------------+-------------+--------------+------------+------------+


------------------------------------------------
; Fast 1200mV -40C Model Metastability Summary ;
------------------------------------------------
No synchronizer chains to report.


+------------------------------------------------------------------------------+
; Multicorner Timing Analysis Summary                                          ;
+------------------+--------+-------+----------+---------+---------------------+
; Clock            ; Setup  ; Hold  ; Recovery ; Removal ; Minimum Pulse Width ;
+------------------+--------+-------+----------+---------+---------------------+
; Worst-case Slack ; -2.687 ; 0.179 ; N/A      ; N/A     ; -3.000              ;
;  clk             ; -1.400 ; 0.179 ; N/A      ; N/A     ; -3.000              ;
;  ps.init         ; -2.687 ; 0.306 ; N/A      ; N/A     ; 0.371               ;
; Design-wide TNS  ; -6.429 ; 0.0   ; 0.0      ; 0.0     ; -19.713             ;
;  clk             ; -3.742 ; 0.000 ; N/A      ; N/A     ; -19.713             ;
;  ps.init         ; -2.687 ; 0.000 ; N/A      ; N/A     ; 0.000               ;
+------------------+--------+-------+----------+---------+---------------------+


+------------------------------------------------------------------------------------------------------------------------------------------------------------------------------------------------------------------------------------------------------------------------------------------------------------------------------------------------------------------------------------------------------------------+
; Board Trace Model Assignments                                                                                                                                                                                                                                                                                                                                                                                    ;
+---------------+--------------+-------------------+-------------------------+-------------------------+---------------+---------------------+----------------+------------------+--------+------------------+------------------------+------------------------+--------------+---------------+-----------------+-------+---------------------+--------------------+---------------+-----------------+-------------+
; Pin           ; I/O Standard ; Near Tline Length ; Near Tline L per Length ; Near Tline C per Length ; Near Series R ; Near Differential R ; Near Pull-up R ; Near Pull-down R ; Near C ; Far Tline Length ; Far Tline L per Length ; Far Tline C per Length ; Far Series R ; Far Pull-up R ; Far Pull-down R ; Far C ; Termination Voltage ; Far Differential R ; EBD File Name ; EBD Signal Name ; EBD Far-end ;
+---------------+--------------+-------------------+-------------------------+-------------------------+---------------+---------------------+----------------+------------------+--------+------------------+------------------------+------------------------+--------------+---------------+-----------------+-------+---------------------+--------------------+---------------+-----------------+-------------+
; ready         ; 2.5 V        ; 0 in              ; 0 H/in                  ; 0 F/in                  ; short         ; -                   ; open           ; open             ; open   ; 0 in             ; 0 H/in                 ; 0 F/in                 ; short        ; open          ; open            ; open  ; 0 V                 ; -                  ; n/a           ; n/a             ; n/a         ;
; loadx         ; 2.5 V        ; 0 in              ; 0 H/in                  ; 0 F/in                  ; short         ; -                   ; open           ; open             ; open   ; 0 in             ; 0 H/in                 ; 0 F/in                 ; short        ; open          ; open            ; open  ; 0 V                 ; -                  ; n/a           ; n/a             ; n/a         ;
; select        ; 2.5 V        ; 0 in              ; 0 H/in                  ; 0 F/in                  ; short         ; -                   ; open           ; open             ; open   ; 0 in             ; 0 H/in                 ; 0 F/in                 ; short        ; open          ; open            ; open  ; 0 V                 ; -                  ; n/a           ; n/a             ; n/a         ;
; enc           ; 2.5 V        ; 0 in              ; 0 H/in                  ; 0 F/in                  ; short         ; -                   ; open           ; open             ; open   ; 0 in             ; 0 H/in                 ; 0 F/in                 ; short        ; open          ; open            ; open  ; 0 V                 ; -                  ; n/a           ; n/a             ; n/a         ;
; counter_init  ; 2.5 V        ; 0 in              ; 0 H/in                  ; 0 F/in                  ; short         ; -                   ; open           ; open             ; open   ; 0 in             ; 0 H/in                 ; 0 F/in                 ; short        ; open          ; open            ; open  ; 0 V                 ; -                  ; n/a           ; n/a             ; n/a         ;
; t_init        ; 2.5 V        ; 0 in              ; 0 H/in                  ; 0 F/in                  ; short         ; -                   ; open           ; open             ; open   ; 0 in             ; 0 H/in                 ; 0 F/in                 ; short        ; open          ; open            ; open  ; 0 V                 ; -                  ; n/a           ; n/a             ; n/a         ;
; loadt         ; 2.5 V        ; 0 in              ; 0 H/in                  ; 0 F/in                  ; short         ; -                   ; open           ; open             ; open   ; 0 in             ; 0 H/in                 ; 0 F/in                 ; short        ; open          ; open            ; open  ; 0 V                 ; -                  ; n/a           ; n/a             ; n/a         ;
; loadr         ; 2.5 V        ; 0 in              ; 0 H/in                  ; 0 F/in                  ; short         ; -                   ; open           ; open             ; open   ; 0 in             ; 0 H/in                 ; 0 F/in                 ; short        ; open          ; open            ; open  ; 0 V                 ; -                  ; n/a           ; n/a             ; n/a         ;
; r_init        ; 2.5 V        ; 0 in              ; 0 H/in                  ; 0 F/in                  ; short         ; -                   ; open           ; open             ; open   ; 0 in             ; 0 H/in                 ; 0 F/in                 ; short        ; open          ; open            ; open  ; 0 V                 ; -                  ; n/a           ; n/a             ; n/a         ;
; ci_adder      ; 2.5 V        ; 0 in              ; 0 H/in                  ; 0 F/in                  ; short         ; -                   ; open           ; open             ; open   ; 0 in             ; 0 H/in                 ; 0 F/in                 ; short        ; open          ; open            ; open  ; 0 V                 ; -                  ; n/a           ; n/a             ; n/a         ;
; ~ALTERA_NCEO~ ; 2.5 V        ; 0 in              ; 0 H/in                  ; 0 F/in                  ; short         ; -                   ; open           ; open             ; open   ; 0 in             ; 0 H/in                 ; 0 F/in                 ; short        ; open          ; open            ; open  ; 0 V                 ; -                  ; n/a           ; n/a             ; n/a         ;
; ~ALTERA_DCLK~ ; 2.5 V        ; 0 in              ; 0 H/in                  ; 0 F/in                  ; short         ; -                   ; open           ; open             ; open   ; 0 in             ; 0 H/in                 ; 0 F/in                 ; short        ; open          ; open            ; open  ; 0 V                 ; -                  ; n/a           ; n/a             ; n/a         ;
+---------------+--------------+-------------------+-------------------------+-------------------------+---------------+---------------------+----------------+------------------+--------+------------------+------------------------+------------------------+--------------+---------------+-----------------+-------+---------------------+--------------------+---------------+-----------------+-------------+


+-------------------------------------------------------------------+
; Input Transition Times                                            ;
+----------------+--------------+-----------------+-----------------+
; Pin            ; I/O Standard ; 10-90 Rise Time ; 90-10 Fall Time ;
+----------------+--------------+-----------------+-----------------+
; start          ; 2.5 V        ; 2000 ps         ; 2000 ps         ;
; en             ; 2.5 V        ; 2000 ps         ; 2000 ps         ;
; clk            ; 2.5 V        ; 2000 ps         ; 2000 ps         ;
; rst            ; 2.5 V        ; 2000 ps         ; 2000 ps         ;
; ~ALTERA_DATA0~ ; 2.5 V        ; 2000 ps         ; 2000 ps         ;
; ~ALTERA_ASDO~  ; 2.5 V        ; 2000 ps         ; 2000 ps         ;
; ~ALTERA_NCSO~  ; 2.5 V        ; 2000 ps         ; 2000 ps         ;
+----------------+--------------+-----------------+-----------------+


+--------------------------------------------------------------------------------------------------------------------------------------------------------------------------------------------------------------------------------------------------------------------------------------------------------------------------------------------------------------------------------------------------------------------------------------------------------------------------------------------------------------------------------------------------------------------------------------------------------------------------------------------------------------------------------------------+
; Signal Integrity Metrics (Slow 1200mv n40c Model)                                                                                                                                                                                                                                                                                                                                                                                                                                                                                                                                                                                                                                          ;
+---------------+--------------+---------------------+---------------------+------------------------------+------------------------------+---------------------+---------------------+--------------------------------------+--------------------------------------+-----------------------------+-----------------------------+----------------------------+----------------------------+-----------------------------+-----------------------------+--------------------+--------------------+-------------------------------------+-------------------------------------+----------------------------+----------------------------+---------------------------+---------------------------+
; Pin           ; I/O Standard ; Board Delay on Rise ; Board Delay on Fall ; Steady State Voh at FPGA Pin ; Steady State Vol at FPGA Pin ; Voh Max at FPGA Pin ; Vol Min at FPGA Pin ; Ringback Voltage on Rise at FPGA Pin ; Ringback Voltage on Fall at FPGA Pin ; 10-90 Rise Time at FPGA Pin ; 90-10 Fall Time at FPGA Pin ; Monotonic Rise at FPGA Pin ; Monotonic Fall at FPGA Pin ; Steady State Voh at Far-end ; Steady State Vol at Far-end ; Voh Max at Far-end ; Vol Min at Far-end ; Ringback Voltage on Rise at Far-end ; Ringback Voltage on Fall at Far-end ; 10-90 Rise Time at Far-end ; 90-10 Fall Time at Far-end ; Monotonic Rise at Far-end ; Monotonic Fall at Far-end ;
+---------------+--------------+---------------------+---------------------+------------------------------+------------------------------+---------------------+---------------------+--------------------------------------+--------------------------------------+-----------------------------+-----------------------------+----------------------------+----------------------------+-----------------------------+-----------------------------+--------------------+--------------------+-------------------------------------+-------------------------------------+----------------------------+----------------------------+---------------------------+---------------------------+
; ready         ; 2.5 V        ; 0 s                 ; 0 s                 ; 2.32 V                       ; 2.12e-09 V                   ; 2.4 V               ; -0.0107 V           ; 0.164 V                              ; 0.03 V                               ; 4.6e-10 s                   ; 4.41e-10 s                  ; No                         ; Yes                        ; 2.32 V                      ; 2.12e-09 V                  ; 2.4 V              ; -0.0107 V          ; 0.164 V                             ; 0.03 V                              ; 4.6e-10 s                  ; 4.41e-10 s                 ; No                        ; Yes                       ;
; loadx         ; 2.5 V        ; 0 s                 ; 0 s                 ; 2.32 V                       ; 2.12e-09 V                   ; 2.4 V               ; -0.00739 V          ; 0.187 V                              ; 0.033 V                              ; 2.66e-10 s                  ; 3.1e-10 s                   ; Yes                        ; Yes                        ; 2.32 V                      ; 2.12e-09 V                  ; 2.4 V              ; -0.00739 V         ; 0.187 V                             ; 0.033 V                             ; 2.66e-10 s                 ; 3.1e-10 s                  ; Yes                       ; Yes                       ;
; select        ; 2.5 V        ; 0 s                 ; 0 s                 ; 2.32 V                       ; 2.12e-09 V                   ; 2.4 V               ; -0.0107 V           ; 0.164 V                              ; 0.03 V                               ; 4.6e-10 s                   ; 4.41e-10 s                  ; No                         ; Yes                        ; 2.32 V                      ; 2.12e-09 V                  ; 2.4 V              ; -0.0107 V          ; 0.164 V                             ; 0.03 V                              ; 4.6e-10 s                  ; 4.41e-10 s                 ; No                        ; Yes                       ;
; enc           ; 2.5 V        ; 0 s                 ; 0 s                 ; 2.32 V                       ; 2.12e-09 V                   ; 2.4 V               ; -0.0107 V           ; 0.164 V                              ; 0.03 V                               ; 4.6e-10 s                   ; 4.41e-10 s                  ; No                         ; Yes                        ; 2.32 V                      ; 2.12e-09 V                  ; 2.4 V              ; -0.0107 V          ; 0.164 V                             ; 0.03 V                              ; 4.6e-10 s                  ; 4.41e-10 s                 ; No                        ; Yes                       ;
; counter_init  ; 2.5 V        ; 0 s                 ; 0 s                 ; 2.32 V                       ; 2.12e-09 V                   ; 2.4 V               ; -0.0107 V           ; 0.164 V                              ; 0.03 V                               ; 4.6e-10 s                   ; 4.41e-10 s                  ; No                         ; Yes                        ; 2.32 V                      ; 2.12e-09 V                  ; 2.4 V              ; -0.0107 V          ; 0.164 V                             ; 0.03 V                              ; 4.6e-10 s                  ; 4.41e-10 s                 ; No                        ; Yes                       ;
; t_init        ; 2.5 V        ; 0 s                 ; 0 s                 ; 2.32 V                       ; 2.12e-09 V                   ; 2.4 V               ; -0.0107 V           ; 0.164 V                              ; 0.03 V                               ; 4.6e-10 s                   ; 4.41e-10 s                  ; No                         ; Yes                        ; 2.32 V                      ; 2.12e-09 V                  ; 2.4 V              ; -0.0107 V          ; 0.164 V                             ; 0.03 V                              ; 4.6e-10 s                  ; 4.41e-10 s                 ; No                        ; Yes                       ;
; loadt         ; 2.5 V        ; 0 s                 ; 0 s                 ; 2.32 V                       ; 2.12e-09 V                   ; 2.4 V               ; -0.00739 V          ; 0.187 V                              ; 0.033 V                              ; 2.66e-10 s                  ; 3.1e-10 s                   ; Yes                        ; Yes                        ; 2.32 V                      ; 2.12e-09 V                  ; 2.4 V              ; -0.00739 V         ; 0.187 V                             ; 0.033 V                             ; 2.66e-10 s                 ; 3.1e-10 s                  ; Yes                       ; Yes                       ;
; loadr         ; 2.5 V        ; 0 s                 ; 0 s                 ; 2.32 V                       ; 2.12e-09 V                   ; 2.4 V               ; -0.0107 V           ; 0.164 V                              ; 0.03 V                               ; 4.6e-10 s                   ; 4.41e-10 s                  ; No                         ; Yes                        ; 2.32 V                      ; 2.12e-09 V                  ; 2.4 V              ; -0.0107 V          ; 0.164 V                             ; 0.03 V                              ; 4.6e-10 s                  ; 4.41e-10 s                 ; No                        ; Yes                       ;
; r_init        ; 2.5 V        ; 0 s                 ; 0 s                 ; 2.32 V                       ; 2.12e-09 V                   ; 2.34 V              ; -0.00641 V          ; 0.183 V                              ; 0.057 V                              ; 1.89e-09 s                  ; 1.74e-09 s                  ; No                         ; Yes                        ; 2.32 V                      ; 2.12e-09 V                  ; 2.34 V             ; -0.00641 V         ; 0.183 V                             ; 0.057 V                             ; 1.89e-09 s                 ; 1.74e-09 s                 ; No                        ; Yes                       ;
; ci_adder      ; 2.5 V        ; 0 s                 ; 0 s                 ; 2.32 V                       ; 2.12e-09 V                   ; 2.34 V              ; -0.00641 V          ; 0.183 V                              ; 0.057 V                              ; 1.89e-09 s                  ; 1.74e-09 s                  ; No                         ; Yes                        ; 2.32 V                      ; 2.12e-09 V                  ; 2.34 V             ; -0.00641 V         ; 0.183 V                             ; 0.057 V                             ; 1.89e-09 s                 ; 1.74e-09 s                 ; No                        ; Yes                       ;
; ~ALTERA_NCEO~ ; 2.5 V        ; 0 s                 ; 0 s                 ; 2.32 V                       ; 1.37e-09 V                   ; 2.4 V               ; -0.0401 V           ; 0.094 V                              ; 0.061 V                              ; 2.38e-10 s                  ; 3.39e-10 s                  ; Yes                        ; Yes                        ; 2.32 V                      ; 1.37e-09 V                  ; 2.4 V              ; -0.0401 V          ; 0.094 V                             ; 0.061 V                             ; 2.38e-10 s                 ; 3.39e-10 s                 ; Yes                       ; Yes                       ;
; ~ALTERA_DCLK~ ; 2.5 V        ; 0 s                 ; 0 s                 ; 2.32 V                       ; 1.74e-09 V                   ; 2.39 V              ; -0.0451 V           ; 0.141 V                              ; 0.088 V                              ; 2.57e-10 s                  ; 2.49e-10 s                  ; Yes                        ; Yes                        ; 2.32 V                      ; 1.74e-09 V                  ; 2.39 V             ; -0.0451 V          ; 0.141 V                             ; 0.088 V                             ; 2.57e-10 s                 ; 2.49e-10 s                 ; Yes                       ; Yes                       ;
+---------------+--------------+---------------------+---------------------+------------------------------+------------------------------+---------------------+---------------------+--------------------------------------+--------------------------------------+-----------------------------+-----------------------------+----------------------------+----------------------------+-----------------------------+-----------------------------+--------------------+--------------------+-------------------------------------+-------------------------------------+----------------------------+----------------------------+---------------------------+---------------------------+


+--------------------------------------------------------------------------------------------------------------------------------------------------------------------------------------------------------------------------------------------------------------------------------------------------------------------------------------------------------------------------------------------------------------------------------------------------------------------------------------------------------------------------------------------------------------------------------------------------------------------------------------------------------------------------------------------+
; Signal Integrity Metrics (Slow 1200mv 125c Model)                                                                                                                                                                                                                                                                                                                                                                                                                                                                                                                                                                                                                                          ;
+---------------+--------------+---------------------+---------------------+------------------------------+------------------------------+---------------------+---------------------+--------------------------------------+--------------------------------------+-----------------------------+-----------------------------+----------------------------+----------------------------+-----------------------------+-----------------------------+--------------------+--------------------+-------------------------------------+-------------------------------------+----------------------------+----------------------------+---------------------------+---------------------------+
; Pin           ; I/O Standard ; Board Delay on Rise ; Board Delay on Fall ; Steady State Voh at FPGA Pin ; Steady State Vol at FPGA Pin ; Voh Max at FPGA Pin ; Vol Min at FPGA Pin ; Ringback Voltage on Rise at FPGA Pin ; Ringback Voltage on Fall at FPGA Pin ; 10-90 Rise Time at FPGA Pin ; 90-10 Fall Time at FPGA Pin ; Monotonic Rise at FPGA Pin ; Monotonic Fall at FPGA Pin ; Steady State Voh at Far-end ; Steady State Vol at Far-end ; Voh Max at Far-end ; Vol Min at Far-end ; Ringback Voltage on Rise at Far-end ; Ringback Voltage on Fall at Far-end ; 10-90 Rise Time at Far-end ; 90-10 Fall Time at Far-end ; Monotonic Rise at Far-end ; Monotonic Fall at Far-end ;
+---------------+--------------+---------------------+---------------------+------------------------------+------------------------------+---------------------+---------------------+--------------------------------------+--------------------------------------+-----------------------------+-----------------------------+----------------------------+----------------------------+-----------------------------+-----------------------------+--------------------+--------------------+-------------------------------------+-------------------------------------+----------------------------+----------------------------+---------------------------+---------------------------+
; ready         ; 2.5 V        ; 0 s                 ; 0 s                 ; 2.32 V                       ; 4.86e-06 V                   ; 2.34 V              ; -0.00651 V          ; 0.153 V                              ; 0.025 V                              ; 6.69e-10 s                  ; 6.72e-10 s                  ; Yes                        ; Yes                        ; 2.32 V                      ; 4.86e-06 V                  ; 2.34 V             ; -0.00651 V         ; 0.153 V                             ; 0.025 V                             ; 6.69e-10 s                 ; 6.72e-10 s                 ; Yes                       ; Yes                       ;
; loadx         ; 2.5 V        ; 0 s                 ; 0 s                 ; 2.32 V                       ; 4.86e-06 V                   ; 2.35 V              ; -0.00794 V          ; 0.135 V                              ; 0.051 V                              ; 4.53e-10 s                  ; 4.75e-10 s                  ; Yes                        ; Yes                        ; 2.32 V                      ; 4.86e-06 V                  ; 2.35 V             ; -0.00794 V         ; 0.135 V                             ; 0.051 V                             ; 4.53e-10 s                 ; 4.75e-10 s                 ; Yes                       ; Yes                       ;
; select        ; 2.5 V        ; 0 s                 ; 0 s                 ; 2.32 V                       ; 4.86e-06 V                   ; 2.34 V              ; -0.00651 V          ; 0.153 V                              ; 0.025 V                              ; 6.69e-10 s                  ; 6.72e-10 s                  ; Yes                        ; Yes                        ; 2.32 V                      ; 4.86e-06 V                  ; 2.34 V             ; -0.00651 V         ; 0.153 V                             ; 0.025 V                             ; 6.69e-10 s                 ; 6.72e-10 s                 ; Yes                       ; Yes                       ;
; enc           ; 2.5 V        ; 0 s                 ; 0 s                 ; 2.32 V                       ; 4.86e-06 V                   ; 2.34 V              ; -0.00651 V          ; 0.153 V                              ; 0.025 V                              ; 6.69e-10 s                  ; 6.72e-10 s                  ; Yes                        ; Yes                        ; 2.32 V                      ; 4.86e-06 V                  ; 2.34 V             ; -0.00651 V         ; 0.153 V                             ; 0.025 V                             ; 6.69e-10 s                 ; 6.72e-10 s                 ; Yes                       ; Yes                       ;
; counter_init  ; 2.5 V        ; 0 s                 ; 0 s                 ; 2.32 V                       ; 4.86e-06 V                   ; 2.34 V              ; -0.00651 V          ; 0.153 V                              ; 0.025 V                              ; 6.69e-10 s                  ; 6.72e-10 s                  ; Yes                        ; Yes                        ; 2.32 V                      ; 4.86e-06 V                  ; 2.34 V             ; -0.00651 V         ; 0.153 V                             ; 0.025 V                             ; 6.69e-10 s                 ; 6.72e-10 s                 ; Yes                       ; Yes                       ;
; t_init        ; 2.5 V        ; 0 s                 ; 0 s                 ; 2.32 V                       ; 4.86e-06 V                   ; 2.34 V              ; -0.00651 V          ; 0.153 V                              ; 0.025 V                              ; 6.69e-10 s                  ; 6.72e-10 s                  ; Yes                        ; Yes                        ; 2.32 V                      ; 4.86e-06 V                  ; 2.34 V             ; -0.00651 V         ; 0.153 V                             ; 0.025 V                             ; 6.69e-10 s                 ; 6.72e-10 s                 ; Yes                       ; Yes                       ;
; loadt         ; 2.5 V        ; 0 s                 ; 0 s                 ; 2.32 V                       ; 4.86e-06 V                   ; 2.35 V              ; -0.00794 V          ; 0.135 V                              ; 0.051 V                              ; 4.53e-10 s                  ; 4.75e-10 s                  ; Yes                        ; Yes                        ; 2.32 V                      ; 4.86e-06 V                  ; 2.35 V             ; -0.00794 V         ; 0.135 V                             ; 0.051 V                             ; 4.53e-10 s                 ; 4.75e-10 s                 ; Yes                       ; Yes                       ;
; loadr         ; 2.5 V        ; 0 s                 ; 0 s                 ; 2.32 V                       ; 4.86e-06 V                   ; 2.34 V              ; -0.00651 V          ; 0.153 V                              ; 0.025 V                              ; 6.69e-10 s                  ; 6.72e-10 s                  ; Yes                        ; Yes                        ; 2.32 V                      ; 4.86e-06 V                  ; 2.34 V             ; -0.00651 V         ; 0.153 V                             ; 0.025 V                             ; 6.69e-10 s                 ; 6.72e-10 s                 ; Yes                       ; Yes                       ;
; r_init        ; 2.5 V        ; 0 s                 ; 0 s                 ; 2.32 V                       ; 4.86e-06 V                   ; 2.33 V              ; -0.00194 V          ; 0.121 V                              ; 0.033 V                              ; 2.59e-09 s                  ; 2.53e-09 s                  ; Yes                        ; Yes                        ; 2.32 V                      ; 4.86e-06 V                  ; 2.33 V             ; -0.00194 V         ; 0.121 V                             ; 0.033 V                             ; 2.59e-09 s                 ; 2.53e-09 s                 ; Yes                       ; Yes                       ;
; ci_adder      ; 2.5 V        ; 0 s                 ; 0 s                 ; 2.32 V                       ; 4.86e-06 V                   ; 2.33 V              ; -0.00194 V          ; 0.121 V                              ; 0.033 V                              ; 2.59e-09 s                  ; 2.53e-09 s                  ; Yes                        ; Yes                        ; 2.32 V                      ; 4.86e-06 V                  ; 2.33 V             ; -0.00194 V         ; 0.121 V                             ; 0.033 V                             ; 2.59e-09 s                 ; 2.53e-09 s                 ; Yes                       ; Yes                       ;
; ~ALTERA_NCEO~ ; 2.5 V        ; 0 s                 ; 0 s                 ; 2.32 V                       ; 3.19e-06 V                   ; 2.36 V              ; -0.019 V            ; 0.056 V                              ; 0.054 V                              ; 3.05e-10 s                  ; 4.69e-10 s                  ; Yes                        ; Yes                        ; 2.32 V                      ; 3.19e-06 V                  ; 2.36 V             ; -0.019 V           ; 0.056 V                             ; 0.054 V                             ; 3.05e-10 s                 ; 4.69e-10 s                 ; Yes                       ; Yes                       ;
; ~ALTERA_DCLK~ ; 2.5 V        ; 0 s                 ; 0 s                 ; 2.32 V                       ; 3.92e-06 V                   ; 2.35 V              ; -0.00603 V          ; 0.108 V                              ; 0.018 V                              ; 4.37e-10 s                  ; 3.93e-10 s                  ; Yes                        ; Yes                        ; 2.32 V                      ; 3.92e-06 V                  ; 2.35 V             ; -0.00603 V         ; 0.108 V                             ; 0.018 V                             ; 4.37e-10 s                 ; 3.93e-10 s                 ; Yes                       ; Yes                       ;
+---------------+--------------+---------------------+---------------------+------------------------------+------------------------------+---------------------+---------------------+--------------------------------------+--------------------------------------+-----------------------------+-----------------------------+----------------------------+----------------------------+-----------------------------+-----------------------------+--------------------+--------------------+-------------------------------------+-------------------------------------+----------------------------+----------------------------+---------------------------+---------------------------+


+--------------------------------------------------------------------------------------------------------------------------------------------------------------------------------------------------------------------------------------------------------------------------------------------------------------------------------------------------------------------------------------------------------------------------------------------------------------------------------------------------------------------------------------------------------------------------------------------------------------------------------------------------------------------------------------------+
; Signal Integrity Metrics (Fast 1200mv n40c Model)                                                                                                                                                                                                                                                                                                                                                                                                                                                                                                                                                                                                                                          ;
+---------------+--------------+---------------------+---------------------+------------------------------+------------------------------+---------------------+---------------------+--------------------------------------+--------------------------------------+-----------------------------+-----------------------------+----------------------------+----------------------------+-----------------------------+-----------------------------+--------------------+--------------------+-------------------------------------+-------------------------------------+----------------------------+----------------------------+---------------------------+---------------------------+
; Pin           ; I/O Standard ; Board Delay on Rise ; Board Delay on Fall ; Steady State Voh at FPGA Pin ; Steady State Vol at FPGA Pin ; Voh Max at FPGA Pin ; Vol Min at FPGA Pin ; Ringback Voltage on Rise at FPGA Pin ; Ringback Voltage on Fall at FPGA Pin ; 10-90 Rise Time at FPGA Pin ; 90-10 Fall Time at FPGA Pin ; Monotonic Rise at FPGA Pin ; Monotonic Fall at FPGA Pin ; Steady State Voh at Far-end ; Steady State Vol at Far-end ; Voh Max at Far-end ; Vol Min at Far-end ; Ringback Voltage on Rise at Far-end ; Ringback Voltage on Fall at Far-end ; 10-90 Rise Time at Far-end ; 90-10 Fall Time at Far-end ; Monotonic Rise at Far-end ; Monotonic Fall at Far-end ;
+---------------+--------------+---------------------+---------------------+------------------------------+------------------------------+---------------------+---------------------+--------------------------------------+--------------------------------------+-----------------------------+-----------------------------+----------------------------+----------------------------+-----------------------------+-----------------------------+--------------------+--------------------+-------------------------------------+-------------------------------------+----------------------------+----------------------------+---------------------------+---------------------------+
; ready         ; 2.5 V        ; 0 s                 ; 0 s                 ; 2.62 V                       ; 3.83e-09 V                   ; 2.75 V              ; -0.0331 V           ; 0.298 V                              ; 0.053 V                              ; 2.87e-10 s                  ; 3.33e-10 s                  ; No                         ; Yes                        ; 2.62 V                      ; 3.83e-09 V                  ; 2.75 V             ; -0.0331 V          ; 0.298 V                             ; 0.053 V                             ; 2.87e-10 s                 ; 3.33e-10 s                 ; No                        ; Yes                       ;
; loadx         ; 2.5 V        ; 0 s                 ; 0 s                 ; 2.62 V                       ; 3.83e-09 V                   ; 2.76 V              ; -0.0262 V           ; 0.179 V                              ; 0.068 V                              ; 2.51e-10 s                  ; 2.29e-10 s                  ; No                         ; Yes                        ; 2.62 V                      ; 3.83e-09 V                  ; 2.76 V             ; -0.0262 V          ; 0.179 V                             ; 0.068 V                             ; 2.51e-10 s                 ; 2.29e-10 s                 ; No                        ; Yes                       ;
; select        ; 2.5 V        ; 0 s                 ; 0 s                 ; 2.62 V                       ; 3.83e-09 V                   ; 2.75 V              ; -0.0331 V           ; 0.298 V                              ; 0.053 V                              ; 2.87e-10 s                  ; 3.33e-10 s                  ; No                         ; Yes                        ; 2.62 V                      ; 3.83e-09 V                  ; 2.75 V             ; -0.0331 V          ; 0.298 V                             ; 0.053 V                             ; 2.87e-10 s                 ; 3.33e-10 s                 ; No                        ; Yes                       ;
; enc           ; 2.5 V        ; 0 s                 ; 0 s                 ; 2.62 V                       ; 3.83e-09 V                   ; 2.75 V              ; -0.0331 V           ; 0.298 V                              ; 0.053 V                              ; 2.87e-10 s                  ; 3.33e-10 s                  ; No                         ; Yes                        ; 2.62 V                      ; 3.83e-09 V                  ; 2.75 V             ; -0.0331 V          ; 0.298 V                             ; 0.053 V                             ; 2.87e-10 s                 ; 3.33e-10 s                 ; No                        ; Yes                       ;
; counter_init  ; 2.5 V        ; 0 s                 ; 0 s                 ; 2.62 V                       ; 3.83e-09 V                   ; 2.75 V              ; -0.0331 V           ; 0.298 V                              ; 0.053 V                              ; 2.87e-10 s                  ; 3.33e-10 s                  ; No                         ; Yes                        ; 2.62 V                      ; 3.83e-09 V                  ; 2.75 V             ; -0.0331 V          ; 0.298 V                             ; 0.053 V                             ; 2.87e-10 s                 ; 3.33e-10 s                 ; No                        ; Yes                       ;
; t_init        ; 2.5 V        ; 0 s                 ; 0 s                 ; 2.62 V                       ; 3.83e-09 V                   ; 2.75 V              ; -0.0331 V           ; 0.298 V                              ; 0.053 V                              ; 2.87e-10 s                  ; 3.33e-10 s                  ; No                         ; Yes                        ; 2.62 V                      ; 3.83e-09 V                  ; 2.75 V             ; -0.0331 V          ; 0.298 V                             ; 0.053 V                             ; 2.87e-10 s                 ; 3.33e-10 s                 ; No                        ; Yes                       ;
; loadt         ; 2.5 V        ; 0 s                 ; 0 s                 ; 2.62 V                       ; 3.83e-09 V                   ; 2.76 V              ; -0.0262 V           ; 0.179 V                              ; 0.068 V                              ; 2.51e-10 s                  ; 2.29e-10 s                  ; No                         ; Yes                        ; 2.62 V                      ; 3.83e-09 V                  ; 2.76 V             ; -0.0262 V          ; 0.179 V                             ; 0.068 V                             ; 2.51e-10 s                 ; 2.29e-10 s                 ; No                        ; Yes                       ;
; loadr         ; 2.5 V        ; 0 s                 ; 0 s                 ; 2.62 V                       ; 3.83e-09 V                   ; 2.75 V              ; -0.0331 V           ; 0.298 V                              ; 0.053 V                              ; 2.87e-10 s                  ; 3.33e-10 s                  ; No                         ; Yes                        ; 2.62 V                      ; 3.83e-09 V                  ; 2.75 V             ; -0.0331 V          ; 0.298 V                             ; 0.053 V                             ; 2.87e-10 s                 ; 3.33e-10 s                 ; No                        ; Yes                       ;
; r_init        ; 2.5 V        ; 0 s                 ; 0 s                 ; 2.62 V                       ; 3.83e-09 V                   ; 2.66 V              ; -0.0195 V           ; 0.259 V                              ; 0.131 V                              ; 1.42e-09 s                  ; 1.4e-09 s                   ; No                         ; Yes                        ; 2.62 V                      ; 3.83e-09 V                  ; 2.66 V             ; -0.0195 V          ; 0.259 V                             ; 0.131 V                             ; 1.42e-09 s                 ; 1.4e-09 s                  ; No                        ; Yes                       ;
; ci_adder      ; 2.5 V        ; 0 s                 ; 0 s                 ; 2.62 V                       ; 3.83e-09 V                   ; 2.66 V              ; -0.0195 V           ; 0.259 V                              ; 0.131 V                              ; 1.42e-09 s                  ; 1.4e-09 s                   ; No                         ; Yes                        ; 2.62 V                      ; 3.83e-09 V                  ; 2.66 V             ; -0.0195 V          ; 0.259 V                             ; 0.131 V                             ; 1.42e-09 s                 ; 1.4e-09 s                  ; No                        ; Yes                       ;
; ~ALTERA_NCEO~ ; 2.5 V        ; 0 s                 ; 0 s                 ; 2.63 V                       ; 2.48e-09 V                   ; 2.96 V              ; -0.046 V            ; 0.423 V                              ; 0.125 V                              ; 1e-10 s                     ; 2.25e-10 s                  ; No                         ; Yes                        ; 2.63 V                      ; 2.48e-09 V                  ; 2.96 V             ; -0.046 V           ; 0.423 V                             ; 0.125 V                             ; 1e-10 s                    ; 2.25e-10 s                 ; No                        ; Yes                       ;
; ~ALTERA_DCLK~ ; 2.5 V        ; 0 s                 ; 0 s                 ; 2.62 V                       ; 3.16e-09 V                   ; 2.76 V              ; -0.0545 V           ; 0.168 V                              ; 0.078 V                              ; 2.52e-10 s                  ; 1.9e-10 s                   ; No                         ; Yes                        ; 2.62 V                      ; 3.16e-09 V                  ; 2.76 V             ; -0.0545 V          ; 0.168 V                             ; 0.078 V                             ; 2.52e-10 s                 ; 1.9e-10 s                  ; No                        ; Yes                       ;
+---------------+--------------+---------------------+---------------------+------------------------------+------------------------------+---------------------+---------------------+--------------------------------------+--------------------------------------+-----------------------------+-----------------------------+----------------------------+----------------------------+-----------------------------+-----------------------------+--------------------+--------------------+-------------------------------------+-------------------------------------+----------------------------+----------------------------+---------------------------+---------------------------+


+-------------------------------------------------------------------+
; Setup Transfers                                                   ;
+------------+----------+----------+----------+----------+----------+
; From Clock ; To Clock ; RR Paths ; FR Paths ; RF Paths ; FF Paths ;
+------------+----------+----------+----------+----------+----------+
; clk        ; clk      ; 10       ; 0        ; 0        ; 0        ;
; ps.init    ; clk      ; 2        ; 2        ; 0        ; 0        ;
; clk        ; ps.init  ; 0        ; 0        ; 1        ; 0        ;
; ps.init    ; ps.init  ; 0        ; 0        ; 0        ; 1        ;
+------------+----------+----------+----------+----------+----------+
Entries labeled "false path" only account for clock-to-clock false paths and not path-based false paths. As a result, actual path counts may be lower than reported.


+-------------------------------------------------------------------+
; Hold Transfers                                                    ;
+------------+----------+----------+----------+----------+----------+
; From Clock ; To Clock ; RR Paths ; FR Paths ; RF Paths ; FF Paths ;
+------------+----------+----------+----------+----------+----------+
; clk        ; clk      ; 10       ; 0        ; 0        ; 0        ;
; ps.init    ; clk      ; 2        ; 2        ; 0        ; 0        ;
; clk        ; ps.init  ; 0        ; 0        ; 1        ; 0        ;
; ps.init    ; ps.init  ; 0        ; 0        ; 0        ; 1        ;
+------------+----------+----------+----------+----------+----------+
Entries labeled "false path" only account for clock-to-clock false paths and not path-based false paths. As a result, actual path counts may be lower than reported.


---------------
; Report TCCS ;
---------------
No dedicated SERDES Transmitter circuitry present in device or used in design


---------------
; Report RSKM ;
---------------
No non-DPA dedicated SERDES Receiver circuitry present in device or used in design


+------------------------------------------------+
; Unconstrained Paths Summary                    ;
+---------------------------------+-------+------+
; Property                        ; Setup ; Hold ;
+---------------------------------+-------+------+
; Illegal Clocks                  ; 0     ; 0    ;
; Unconstrained Clocks            ; 0     ; 0    ;
; Unconstrained Input Ports       ; 3     ; 3    ;
; Unconstrained Input Port Paths  ; 14    ; 14   ;
; Unconstrained Output Ports      ; 10    ; 10   ;
; Unconstrained Output Port Paths ; 15    ; 15   ;
+---------------------------------+-------+------+


+----------------------------------------+
; Clock Status Summary                   ;
+---------+---------+------+-------------+
; Target  ; Clock   ; Type ; Status      ;
+---------+---------+------+-------------+
; clk     ; clk     ; Base ; Constrained ;
; ps.init ; ps.init ; Base ; Constrained ;
+---------+---------+------+-------------+


+---------------------------------------------------------------------------------------------------+
; Unconstrained Input Ports                                                                         ;
+------------+--------------------------------------------------------------------------------------+
; Input Port ; Comment                                                                              ;
+------------+--------------------------------------------------------------------------------------+
; en         ; No input delay, min/max delays, false-path exceptions, or max skew assignments found ;
; rst        ; No input delay, min/max delays, false-path exceptions, or max skew assignments found ;
; start      ; No input delay, min/max delays, false-path exceptions, or max skew assignments found ;
+------------+--------------------------------------------------------------------------------------+


+------------------------------------------------------------------------------------------------------+
; Unconstrained Output Ports                                                                           ;
+--------------+---------------------------------------------------------------------------------------+
; Output Port  ; Comment                                                                               ;
+--------------+---------------------------------------------------------------------------------------+
; ci_adder     ; No output delay, min/max delays, false-path exceptions, or max skew assignments found ;
; counter_init ; No output delay, min/max delays, false-path exceptions, or max skew assignments found ;
; enc          ; No output delay, min/max delays, false-path exceptions, or max skew assignments found ;
; loadr        ; No output delay, min/max delays, false-path exceptions, or max skew assignments found ;
; loadt        ; No output delay, min/max delays, false-path exceptions, or max skew assignments found ;
; loadx        ; No output delay, min/max delays, false-path exceptions, or max skew assignments found ;
; r_init       ; No output delay, min/max delays, false-path exceptions, or max skew assignments found ;
; ready        ; No output delay, min/max delays, false-path exceptions, or max skew assignments found ;
; select       ; No output delay, min/max delays, false-path exceptions, or max skew assignments found ;
; t_init       ; No output delay, min/max delays, false-path exceptions, or max skew assignments found ;
+--------------+---------------------------------------------------------------------------------------+


+---------------------------------------------------------------------------------------------------+
; Unconstrained Input Ports                                                                         ;
+------------+--------------------------------------------------------------------------------------+
; Input Port ; Comment                                                                              ;
+------------+--------------------------------------------------------------------------------------+
; en         ; No input delay, min/max delays, false-path exceptions, or max skew assignments found ;
; rst        ; No input delay, min/max delays, false-path exceptions, or max skew assignments found ;
; start      ; No input delay, min/max delays, false-path exceptions, or max skew assignments found ;
+------------+--------------------------------------------------------------------------------------+


+------------------------------------------------------------------------------------------------------+
; Unconstrained Output Ports                                                                           ;
+--------------+---------------------------------------------------------------------------------------+
; Output Port  ; Comment                                                                               ;
+--------------+---------------------------------------------------------------------------------------+
; ci_adder     ; No output delay, min/max delays, false-path exceptions, or max skew assignments found ;
; counter_init ; No output delay, min/max delays, false-path exceptions, or max skew assignments found ;
; enc          ; No output delay, min/max delays, false-path exceptions, or max skew assignments found ;
; loadr        ; No output delay, min/max delays, false-path exceptions, or max skew assignments found ;
; loadt        ; No output delay, min/max delays, false-path exceptions, or max skew assignments found ;
; loadx        ; No output delay, min/max delays, false-path exceptions, or max skew assignments found ;
; r_init       ; No output delay, min/max delays, false-path exceptions, or max skew assignments found ;
; ready        ; No output delay, min/max delays, false-path exceptions, or max skew assignments found ;
; select       ; No output delay, min/max delays, false-path exceptions, or max skew assignments found ;
; t_init       ; No output delay, min/max delays, false-path exceptions, or max skew assignments found ;
+--------------+---------------------------------------------------------------------------------------+


+--------------------------+
; Timing Analyzer Messages ;
+--------------------------+
Info: *******************************************************************
Info: Running Quartus Prime Timing Analyzer
    Info: Version 18.1.0 Build 625 09/12/2018 SJ Lite Edition
    Info: Processing started: Wed Jan 10 07:21:52 2024
Info: Command: quartus_sta controllerQ -c controllerQ
Info: qsta_default_script.tcl version: #1
Warning (18236): Number of processors has not been specified which may cause overloading on shared machines.  Set the global assignment NUM_PARALLEL_PROCESSORS in your QSF to an appropriate value for best performance.
Info (20030): Parallel compilation is enabled and will use 4 of the 4 processors detected
Info (21077): Low junction temperature is -40 degrees C
Info (21077): High junction temperature is 125 degrees C
Warning (335093): The Timing Analyzer is analyzing 1 combinational loops as latches. For more details, run the Check Timing command in the Timing Analyzer or view the "User-Specified and Inferred Latches" table in the Analysis & Synthesis report.
Critical Warning (332012): Synopsys Design Constraints File file not found: 'controllerQ.sdc'. A Synopsys Design Constraints File is required by the Timing Analyzer to get proper timing constraints. Without it, the Compiler will not properly optimize the design.
Info (332142): No user constrained base clocks found in the design. Calling "derive_clocks -period 1.0"
Info (332105): Deriving Clocks
    Info (332105): create_clock -period 1.000 -name clk clk
    Info (332105): create_clock -period 1.000 -name ps.init ps.init
Info (332143): No user constrained clock uncertainty found in the design. Calling "derive_clock_uncertainty"
Info (332123): Deriving Clock Uncertainty. Please refer to report_sdc in the Timing Analyzer to see clock uncertainties.
Info: Found TIMING_ANALYZER_REPORT_SCRIPT_INCLUDE_DEFAULT_ANALYSIS = ON
Info: Analyzing Slow 1200mV 125C Model
Critical Warning (332148): Timing requirements not met
    Info (11105): For recommendations on closing timing, run Report Timing Closure Recommendations in the Timing Analyzer.
Info (332146): Worst-case setup slack is -2.687
    Info (332119):     Slack       End Point TNS Clock 
    Info (332119): ========= =================== =====================
    Info (332119):    -2.687              -2.687 ps.init 
    Info (332119):    -1.400              -3.742 clk 
Info (332146): Worst-case hold slack is 0.424
    Info (332119):     Slack       End Point TNS Clock 
    Info (332119): ========= =================== =====================
    Info (332119):     0.424               0.000 clk 
    Info (332119):     0.689               0.000 ps.init 
Info (332140): No Recovery paths to report
Info (332140): No Removal paths to report
Info (332146): Worst-case minimum pulse width slack is -3.000
    Info (332119):     Slack       End Point TNS Clock 
    Info (332119): ========= =================== =====================
    Info (332119):    -3.000             -19.713 clk 
    Info (332119):     0.371               0.000 ps.init 
Info: Analyzing Slow 1200mV -40C Model
Info (334003): Started post-fitting delay annotation
Info (334004): Delay annotation completed successfully
Info (332123): Deriving Clock Uncertainty. Please refer to report_sdc in the Timing Analyzer to see clock uncertainties.
Critical Warning (332148): Timing requirements not met
    Info (11105): For recommendations on closing timing, run Report Timing Closure Recommendations in the Timing Analyzer.
Info (332146): Worst-case setup slack is -2.311
    Info (332119):     Slack       End Point TNS Clock 
    Info (332119): ========= =================== =====================
    Info (332119):    -2.311              -2.311 ps.init 
    Info (332119):    -1.145              -2.425 clk 
Info (332146): Worst-case hold slack is 0.343
    Info (332119):     Slack       End Point TNS Clock 
    Info (332119): ========= =================== =====================
    Info (332119):     0.343               0.000 clk 
    Info (332119):     0.586               0.000 ps.init 
Info (332140): No Recovery paths to report
Info (332140): No Removal paths to report
Info (332146): Worst-case minimum pulse width slack is -3.000
    Info (332119):     Slack       End Point TNS Clock 
    Info (332119): ========= =================== =====================
    Info (332119):    -3.000             -16.500 clk 
    Info (332119):     0.441               0.000 ps.init 
Info: Analyzing Fast 1200mV -40C Model
Info (332123): Deriving Clock Uncertainty. Please refer to report_sdc in the Timing Analyzer to see clock uncertainties.
Critical Warning (332148): Timing requirements not met
    Info (11105): For recommendations on closing timing, run Report Timing Closure Recommendations in the Timing Analyzer.
Info (332146): Worst-case setup slack is -0.980
    Info (332119):     Slack       End Point TNS Clock 
    Info (332119): ========= =================== =====================
    Info (332119):    -0.980              -0.980 ps.init 
    Info (332119):    -0.424              -0.800 clk 
Info (332146): Worst-case hold slack is 0.179
    Info (332119):     Slack       End Point TNS Clock 
    Info (332119): ========= =================== =====================
    Info (332119):     0.179               0.000 clk 
    Info (332119):     0.306               0.000 ps.init 
Info (332140): No Recovery paths to report
Info (332140): No Removal paths to report
Info (332146): Worst-case minimum pulse width slack is -3.000
    Info (332119):     Slack       End Point TNS Clock 
    Info (332119): ========= =================== =====================
    Info (332119):    -3.000             -12.254 clk 
    Info (332119):     0.424               0.000 ps.init 
Info (332102): Design is not fully constrained for setup requirements
Info (332102): Design is not fully constrained for hold requirements
Info: Quartus Prime Timing Analyzer was successful. 0 errors, 6 warnings
    Info: Peak virtual memory: 4753 megabytes
    Info: Processing ended: Wed Jan 10 07:21:56 2024
    Info: Elapsed time: 00:00:04
    Info: Total CPU time (on all processors): 00:00:02


